<?xml version="1.0" encoding="UTF-8"?>
<testsuites name="jest tests" tests="6" failures="0" time="2.156">
  <testsuite name="split words" errors="0" failures="0" skipped="0" timestamp="2019-01-29T05:30:58" time="0.81" tests="6">
    <testcase classname="split words split 1" name="split words split 1" time="0.005">
    </testcase>
    <testcase classname="split words split 2" name="split words split 2" time="0.001">
    </testcase>
    <testcase classname="split words split 3" name="split words split 3" time="0">
    </testcase>
    <testcase classname="split words split 4" name="split words split 4" time="0">
    </testcase>
    <testcase classname="split words split 5" name="split words split 5" time="0.001">
    </testcase>
    <testcase classname="split words upper_snake_case" name="split words upper_snake_case" time="0">
    </testcase>
  </testsuite>
</testsuites>